13:50:16: 🚀 LINAHSYSTEM WhatsApp Bot starting...
13:50:22: 📱 Scan this QR code with WhatsApp:
13:50:22: ▄▄▄▄▄▄▄▄▄▄▄▄▄▄▄▄▄▄▄▄▄▄▄▄▄▄▄▄▄▄▄▄▄▄▄▄▄▄▄▄▄▄▄▄▄▄▄▄▄▄▄▄▄▄▄▄▄▄▄
13:50:22: █ ▄▄▄▄▄ █  ▄▀█ ▄ █▄▀▄▄▀ ▄▄█▄  ▄▄▄ ▄▀ ▀█ ▄▀█▄ ▄▀▄ ██ ▄▄▄▄▄ █
13:50:22: █ █   █ █   ▀▀ █▄▀▄▄██▄ ▄█▀█▄ ▄▄▀▄▄ ▄█ ██▀▄▄▀█ ▄ ██ █   █ █
13:50:22: █ █▄▄▄█ █▀ ▀  ▄ ▀█▀▀▀█▀▄▀   ▄▄▄ ██ ██▄█ ▄ ▄▄█ ▄▀▄██ █▄▄▄█ █
13:50:22: █▄▄▄▄▄▄▄█▄█ █ █ ▀ █▄▀ █▄▀▄█ █▄█ ▀▄█▄█ ▀ ▀ ▀▄▀ ▀ █ █▄▄▄▄▄▄▄█
13:50:22: █▄ █▀  ▄▀▀█▀█ ▀ ▀▄▄▄▄ ▀▀▄▀█▄▄▄  ▄ ▄█▀    ▀▀▀▄ ▀█▀▀█▀▄▀▄   █
13:50:22: █▀▀▄█▀▀▄▀▄▄ ▄ ▄  █▄█▀▀▀█▄▄ █▀▄▄ ██▄▀▀ █ █▀███▄▄ ██▄▄█▄▄▄ ██
13:50:22: █▀█▄   ▄ █▀  ▄▀▀▀█▀ █ ▄▄▀▀  ▄▀▀█▀▄ ▄▄▄▀ ▄▀▄ █▄ ▄▄▀▄▀▄▀█ ▀▄█
13:50:22: █▄▄▀  ▄▄▀▀█▄▄▄ ▀▀▀▄▀ ▄ ▄ █ █▀ ▄█ █▄ ▀▀▄▄█▀▀   ▄ ▀█▄█▄ ▄█▄▀█
13:50:22: ███▄█▀▄▄█   █▀▀▄▀█▄▄█ ▄▀▀ ▀ ▄ ▀ ▀▄▄▄  ▄▀ █ ▀█  ▄  ▄▀ █▀▄███
13:50:22: ███▀▄▀▀▄▄▀ ▄▄█▀█ ▄▀▀▀▀█▀   ▄▀██▀█ █▀█ ██ █ ▄▄▄▄█ ▄█▀   ▄▀▀█
13:50:22: █ █▄█▀▄▄▀ ▀ ▄▀▄ ▀▀▄▄▀ ▄█▀▄▄▄▀█▄ █▄ █ ▄ ▀ █  █▄▀█▄▀  ▄▀▀█▄▄█
13:50:22: █ ▄ ▄▄▀▄▄█ ▄▀ ▀▄▄█▄▄▄█  ▄ ▀ ███ █▄▄▄ ▄▄ ▀▄▄█  ▄▄▄█▄ ▄█▄█▀▀█
13:50:22: █▄█▀▄█▄▄▀ █ █ ██ █▄  ▀▄█▀▀ ▄▀▀  ▀███▄▄█▀ ▀█ ▀▄▀▄▄▀█ █▀▄ ▀██
13:50:22: ██▄▀▄ ▄▄▄ ▄▀▄▀█▄█▀▀  ▀▄  ▀  ▄▄▄   ▀██▀▀█ █▄▄▄█▀▀█ ▄▄▄  █ ██
13:50:22: █ ██▀ █▄█ ▄▀▀▄▀ ▀█▄▀█▀▀█  ▄ █▄█ ▀▄ █  ▄▀▄▀▀▀▀▄ ▄  █▄█ ▄█ ▄█
13:50:22: █  ▄▀ ▄▄  ▄▀▄▀▀ ▀▀▀▄▄▀▄▀▀▄█▄ ▄▄ █▄██▀█▄▀▄▄▀▀▄ █▄▀      █ ██
13:50:22: █▄▄▀▄▀ ▄██ ▀▀▄ █ █▀▄▄ ▄▀▀ ▀  ▄▀ ▀▄▄█ ▄▄▀ █  ▀  █▀█ ▀▄▄▄██ █
13:50:22: █▄    █▄█▀ ▀█ ▄▄  █▄▀█ ▀▀▀▄▄ ▄▄██▄▄█▀▀ ▄█▄▀▀▄▀█▄▄ ▄▀▀▀█▄ ██
13:50:22: █▀▄▄▀ ▀▄▄▀█▄▄ █ ▄█▄▄▄▄▄▀▄ ▀▄▄██▄▀ ▀▄█ ▄▀▄█▀   ▄█▀▄▄▄▀▄▀▀▀▄█
13:50:22: █▀▀▀█  ▄▄█▄▄▄▀██▀  ▀▀ ▀ ▀██▄▀ ██ █  █ ▀▀▀█▄ ▄██▀█▄ ██ ██▄▄█
13:50:22: █ ██ ▀█▄▀▀ ▀▀█▄▄▀█ ▄▀▀▄▀ ▀ ▄▀▄█ ▄ ▄█  ▄  ▀ ▀▀ ▀██▀▄▄ █▀▀▄▄█
13:50:22: █▀▀ ▄█▀▄▄ ▀▀█▀▀█▀▄▄███▀█▄ █▀▄▄██▀▀▄  ▀▄ ▀▀▀▀█  █▄█ ▀▀▀██ ██
13:50:22: █▄█▀▄  ▄█▄█ ▀▀█  █▀ ▀▀▄▄▀▀▀▄█▄▀▀▀▄▀▄▄▄▀ ▄▀█▀▀ ▀▄█ ▄▀▀██▀▀▀█
13:50:22: █ ▀ ▀▀▄▄▀▄▄▄▀ ███▀▀▀ █▄▀█▄▀ ▀ ▀█▀███▄▄▄▄▀ █▄ ▀█▀▄▀ ▀▀█▄▄ ▀█
13:50:22: ███████▄█ ▄▄▀▄▀▄ █  ▄▀▀▀▀▀▀ ▄▄▄ █▄▀█▄ ▄ ▄▀  ▀ █▄█ ▄▄▄ ▀▀▀▀█
13:50:22: █ ▄▄▄▄▄ █▀▀▄▀▄█▄   ▀▄▄▀  █▄ █▄█ ▄█▄▀▀█▀  ▀  ▄▀█▀▄ █▄█ █▄▄▀█
13:50:22: █ █   █ █▄█▄ ▄█▀▀▀ ▄▀  █▀▄█ ▄  ▄█  ▄▄ █ ▄▀ ▀▀ █▄█   ▄  █▀▀█
13:50:22: █ █▄▄▄█ █▀▀██▀▄ ▄█▄▀▄██▄▄   ▀ ▄ ▄█▄█▄█ █▀▄▄█▀███▀▀▄▄▀▄▄▄███
13:50:22: █▄▄▄▄▄▄▄█▄█▄█▄██▄▄█▄█████▄█▄█▄█▄███▄▄▄▄▄██▄██▄▄▄██████▄██▄█
13:50:22: 
13:51:21: 📱 Scan this QR code with WhatsApp:
13:51:21: ▄▄▄▄▄▄▄▄▄▄▄▄▄▄▄▄▄▄▄▄▄▄▄▄▄▄▄▄▄▄▄▄▄▄▄▄▄▄▄▄▄▄▄▄▄▄▄▄▄▄▄▄▄▄▄▄▄▄▄
13:51:21: █ ▄▄▄▄▄ █  ▄▀█▀█ ▀█▀▀▄  ▄▄█▄  ▄▄▄ ▀▀  ▀▄ ▄▄▄▀▄▀▄ ██ ▄▄▄▄▄ █
13:51:21: █ █   █ █   ▀█ ██▀▄▄█▄▄ █▄▀█▄ ▄▄ █▄ ▄█ █▄▀▄▄▄▄ ▄ ██ █   █ █
13:51:21: █ █▄▄▄█ █▀ ▀▄▄▄ ▀█▀▀▀█▀▄▀   ▄▄▄  ▀ █ ██ ▄█▄▄▀▀▄▀▄██ █▄▄▄█ █
13:51:21: █▄▄▄▄▄▄▄█▄▀ █▄█ ▀ █▄▀ █▄▀▄█ █▄█ ▀▄█▄█ ▀ ▀ ▀▄▀ ▀ █ █▄▄▄▄▄▄▄█
13:51:21: █▄ █▀▄▄▄██▀▀▀█▀ ▀▄▄▄▄ ▀▀▄▀▀▄▄▄  ▄ ▄█▀    ▀▀▀▄ ▀█▀ █▀▄▀▄   █
13:51:21: █▀▀▄█▀▀▄ █▄ █▀▄  █▄█▀▀▀█▄▄ ▄▀▄▄ ██▄▀▀ █▄█▀███▄▄ █▄██ ▄▄▄ ██
13:51:21: █▀█▀▄  ▄  █▄ ▄▀▀▀█▀ █ ▄▄▀▀▀  █▀█▀▄▄▄▄▄▄▀▄▀▄ █▄▀█  ▄▀▀█▀ ▀▄█
13:51:21: █ ▀▄▀ ▄▄▀▀█▄▄▄ ▀▀▀ ▄ ▄█▄ █ █ ▀ █ ██▀█▀▄▀▀▀█▄   █▄▄▄██ █▄▄▀█
13:51:21: █▀  ▀▀▄▄█   █▀▀▄▀█▄▄█▀▄▀▀ ▀ ▄ █▀▀▄██▀ ▀▀▄█ ▀▄▄ ▄  ▄▀ █▀▄▀▀█
13:51:21: █▀▀▄█▀█▄▄▀ ▄▄█▀█▀▀▀▀ ██▀▀█ ▄▀██ ▀▄█▀▀▀▄▄█▄▀▄▀▀██ ▄█▀   ▄ ██
13:51:21: ██▄▄█  ▄▀ ▀ ▀ ▄ ▀▀▄▄▀ ▄█▀▄▄▄▀█▄ █  █▀  ▀▄█    ▀█▄▀█▀▄▀▀█▄▄█
13:51:21: █ ▄ ▄  ▄ █▀▄▀▄██▄█▄▄▄█  ▄ ▀ ███ █▄▄▄ ▄▄ ▀▄▄█▀ ▄▄▄█▄█▄█▄█▀▀█
13:51:21: █▄█▀▄▀█▄▀▄█▀  ▄▀ █▄  ▀▄█▀▀▄ ▀▀  ▀███▄▄█▀ ▀█ ▀▄▀▄▄▀█ ▀█▄ ▀██
13:51:21: ██▄▀▄ ▄▄▄   ▄▀ ▀█▀▀  ▀▄  ▀  ▄▄▄   █▀█▀██ █ ▄▄█▀█▄ ▄▄▄ ▄█ ██
13:51:21: █ █▀  █▄█ ▄▄▀▄▄ ▀█▄▀█▀▀█  ▄ █▄█ ▀▄▀▄  █ ▄▀▀▀▀▄ ▄█ █▄█ ▀▀ ▄█
13:51:21: █ ▄ ▄▄ ▄▄▄▄▀▄▀▀ ▀▀▀▀▄▀▄ ▀▄█▄ ▄▄ █▄█▄█▀██▄▄██▄ █   ▄ ▄▄▄█ ██
13:51:21: █ █▄ ▀ ▄▀  ▀▀▄ █ █▄▄█▀▀▀▀ ▀ ▀▄▀ ▀▄▄█▀ █  █▀ █ ▀█▀█ ▀ ▄█▄█▄█
13:51:21: ██ ██ █▄▄█ ▀█ ▄▄███▄ ▄ ▀▀▄▄▄▀ ▄█▀ ▄███ ▄   ▀▄▄▄▄▄ ▄▀▄ █▄▄██
13:51:21: █▀▄▄▀ ▀▄▄▀█▄███ ▄█▄▄▄▄▄▀▄ ▀▄▄█▀ ▄ ▀▄  ▄▀ █▀ █▄▄█▀▄▄▄▀▄▀▀ ██
13:51:21: █▀▀▀█  ▄▄█▄ █ ▄▄▀  ▀▀ ▀ ▀██▄▀ █▀ █  █▀▀▀ ▄▄ ███▀█▄ ██ ██▄▄█
13:51:21: █ ██ ▀▀▄▀▀▄█▀ ▄▀▀█ ▄▀▀▄▀ ▀ ▄▀▄█ ▄ ▄█  ▄  ▀ ▀▀ ▀██▀█▄ ██▀▄▄█
13:51:21: █▀▀ ▄ █▄▄ ▄█  ▀▀▀▄▄███▀█▄ █▀▄▄██▀▀▄  ▀▄▄▀▀▀██ ▄▀ ▀▄█▀▀ ▄ ██
13:51:21: █▄██▄▀▀▄▄▄▄█▀▀ █ █▀ ▀▀▄▄▀▀▀ █▄▀▀▀▄█▄▄▄█ ▄▀▀▀▀ ▀██▀▄█▀▄ ▀▀▀█
13:51:21: █ ▀ ▀▀▄▄▀ ▄▄▀ ███▀█▄ █▀ █▄▀▄▀ ▀█▀█▄█▄▄▀▄▀▄▄▀▄█▄▄▀ ▄██▀▀█ ▀█
13:51:21: ███████▄█ ▄▄▀▄▀▄▀█▀▄▀▀ █▀▀▀ ▄▄▄ █▄▀█▄ █ ▄█▄▀▀  ▄█ ▄▄▄  ▀▀▀█
13:51:21: █ ▄▄▄▄▄ █▀▀▄▀▄█▄ ▄ ▀ ▄▀ ██▄ █▄█  ▀▄▀█▀▀   ▀ ▀ ▄▀▀ █▄█ █▄▄██
13:51:21: █ █   █ █▄█▄▀ █▀▀▀ ▄▀  █▀▄█  ▄ ▄▄▄ ▄▄▄█  █ ▀▀▄█▄▄      █▀ █
13:51:21: █ █▄▄▄█ █▀▀██▀ █▄█▄▀▄██▄▄   █▄▄ ▄▄▄██▄ █▀█▄█▀███▀▀▄▄▀▄▄▄███
13:51:21: █▄▄▄▄▄▄▄█▄▄▄▄█▄▄▄▄█▄█████▄█▄▄██▄███▄▄▄▄▄██▄██▄▄▄██████▄██▄█
13:51:21: 
13:51:41: 📱 Scan this QR code with WhatsApp:
13:51:41: ▄▄▄▄▄▄▄▄▄▄▄▄▄▄▄▄▄▄▄▄▄▄▄▄▄▄▄▄▄▄▄▄▄▄▄▄▄▄▄▄▄▄▄▄▄▄▄▄▄▄▄▄▄▄▄▄▄▄▄
13:51:41: █ ▄▄▄▄▄ █▀▄▀█▀█▀▄▄▀█  ▄█ ▄  ▄█  ▀▄ ▄▄▄▄ ▀▀█ ▀██▄ ██ ▄▄▄▄▄ █
13:51:41: █ █   █ █▄▀▄█ ▄███▄█▀▄█▄▄████▄▄████▄▄█▄█▄▄▄█▄█▀▄ ██ █   █ █
13:51:41: █ █▄▄▄█ █ ▄▀▄█▄ ██▀█▀██▄▀▄  ▄▄▄ ▀█▄██▀█ █▄▄  █ ▀▄██ █▄▄▄█ █
13:51:41: █▄▄▄▄▄▄▄█ █▄▀ █ ▀ █▄▀ █▄▀▄█ █▄█ ▀▄█▄█ ▀ ▀ ▀▄▀ ▀ █ █▄▄▄▄▄▄▄█
13:51:41: █  ▀▄██▄ ▀▄▄▀▄ ███▀ ███ ▀█   ▄▄▄██ ▄▄▄▀█▄ ▄████▄▀██▄  ▀▄ ██
13:51:41: █ ▄▀▄▄▄▄██  ██▀█▀ ▀▄▄▄  ▀█▄▀▄▀▀▀  █ ▄▀ ▀▄▄ ▄ ▀▀█▀▄  ▀ ▀██ █
13:51:41: ██ █▄█▄▄▄███▄ ▄██ █▄ ▄ ▀██▄▄ ▄█▀▄ █   ▄█ ▄██  █▀█▄▀█▄ ▀ ▄ █
13:51:41: █▀▄██▄▄▄▄ ▄ ▄█▄▀ █▄ ▄▄▀█ ▄▄█▀▄  ▄█▄▄▀ ▀▄▄▀▀▄▄▄ ▄██ ███▄▄ ▀█
13:51:41: █▀▀▀ ▀▄▄█ ▄ ██▀▄█▄ ▄▄▀▄█▀▄▀    █▀▄ ▄▄▄▀▀ ▀▀█▀▄██ ▄▄▀▄█▀ ███
13:51:41: █ ▄▄▀█ ▄▄ ▀▄█▄▀▄ ▀  ▀▄▄▀██ █ █▄ █▀▄▀▄ ▄█▄▄▀▄▀█▄█▀██ ▀ ▀██▄█
13:51:41: █ ▀▀▀ █▄ ██▀█▀███ ▀  █ ▄▄ █▀█▄▀▄▀▀▄▄█ ▀▄█▄█▄▄▀█▄▀█▄█  ▄▀▄▀█
13:51:41: █▀▀██▄ ▄█  █▄ ▄██ ▀█▀ ▀█▀▀▄█▄  ▀▀▀█▀▄█▀█▀▀▀▄█▄█▀▀▄▄▄█ ▀▄▄▄█
13:51:41: █  █ ▄▀▄▀ ▀▄▀█  ▄  ▄██  ███ █▄▄▄▄▀▀    █▄▄▀▄▄ █▀██ █   ▄▄▀█
13:51:41: █▄ ▀█ ▄▄▄  ▄▄▀██▄█▀▀▄▀█▄  █ ▄▄▄ ▄  ██ █▀▀▀▄█ █▄██ ▄▄▄ ▄▄▄██
13:51:41: █▄█ ▄ █▄█ ██▀ █▀██▄██▀██ ▄  █▄█ ▀▄██ ▄█▀ ▀ █▀▄▄▄  █▄█ ▄  ▄█
13:51:41: █ ▄    ▄ ▄█▀█ ▀▀ ▀▀█▄ ▄  █▄▄ ▄▄ ██▄▄▄ ▄▄█▄▄▄ ▀█▀  ▄▄▄ ██ ▄█
13:51:41: ██▄▄  █▄▄ ▄ ▄ ▀ ▄█▀▄▄█▄ ▄▄ █ █▄▄ ▀ ▄ ▄▄██▄█▄▄█▄▄▄█▀▄▄▄▀▀ ▀█
13:51:41: ██ ███ ▄▄▄▀▄ ▀▀▀▄█ ██▄▀▄ ▀▀▀▀▀▀▄ ▀█ ▄▄▄ ▄██ ███  ▀▀▄█▄ ██▄█
13:51:41: █▄▀ ███▄▀█▀▀▄▀ ▄    ▀  ▄ ▄▄   ▀█▄▄█▀  ▀█ ▄█▄▄   █ ▀ █▀███ █
13:51:41: █ █▀▄▄ ▄ █▄ █  █ ▄  █  ▄▀▄▀▄ ▄█▄█▄▀▄▄ █▀  ▄▀▀▄▄███▄█▄▄█▄ ▄█
13:51:41: █▄██▄▄ ▄▀▀██▀█ ▄██  ▀▀ ▀ █ ▄█▄█▄▄  █ ▄▄ ▄▀ █▀ ████ ▀▄███▄▄█
13:51:41: █ ▀▀██▄▄▄▀▀█▀█▀█ ▄█▄█▄ ██▀▀ █▄▄▄▀ ▀ ▀ ▄▀ ▀ ▄█▀█▀█  ▄ ▀▄▄ ▄█
13:51:41: █ ▄▄ ▄█▄█ ▄ ▄█ ▀▄▄▄▄ ▄ █▄█  ▀█▄█ ▀ █▀  █  ██ █▄▄▄▄▄█▄▄█▄ ▄█
13:51:41: █ ▀ ▀▀▄▄▄▀█▀▄▀  ▄▄▄▄█ ▀█ █▄█ █▄▄▄ █ ▀▀█▀▄▀█ ▀▄ █▀ ▀▄▄▄ ██▄█
13:51:41: ███████▄▄▀ ▀█ ▄ █ ▄▄▀█  ██▄ ▄▄▄   █ ▀  ▄▄▄▄█▄▄▄ ▀ ▄▄▄ ██▄██
13:51:41: █ ▄▄▄▄▄ █▄  ▀█▀▄▄▄  █▀ ▄▀█  █▄█ ▄███ ▀█▀▀▀  ▀█▄▄▄ █▄█ ██▄▀█
13:51:41: █ █   █ █▀▀▄ ▀█▀█▀  ▀ ▄█▀ █ ▄   █▄▄▄▄ █  █ █▀ ▀▄█▄  ▄  ▀ ▀█
13:51:41: █ █▄▄▄█ █▀▄█▄ ▀▀███ ▄▄▄▄█▀ ▀▀▄█▀▄████▄ ▄ ▄█▄▀█▄█  ▄█▀ ███▄█
13:51:41: █▄▄▄▄▄▄▄█▄█▄█▄█▄▄█▄▄▄▄█▄▄▄▄██▄▄▄▄▄███▄███▄██▄█▄█▄█▄▄█▄██▄██
13:51:41: 
13:52:01: 📱 Scan this QR code with WhatsApp:
13:52:01: ▄▄▄▄▄▄▄▄▄▄▄▄▄▄▄▄▄▄▄▄▄▄▄▄▄▄▄▄▄▄▄▄▄▄▄▄▄▄▄▄▄▄▄▄▄▄▄▄▄▄▄▄▄▄▄▄▄▄▄
13:52:01: █ ▄▄▄▄▄ █  ▄▀█▀█▀▀█ ▀▄ ▀  █▄  ▄▄▄ ▄█  █▄█▄▄▄▄ ▀▄ ██ ▄▄▄▄▄ █
13:52:01: █ █   █ █   ▀█ ██ ▄▄█▄▄ █▄▀█▄ ▄▄▀█▄ ▀▄ █▄ ▄▄ ▄ ▄ ██ █   █ █
13:52:01: █ █▄▄▄█ █▀ ▀▀▀▄ ▀█▀▀▀█▀▄▀   ▄▄▄  █ █▄ █  ▄▄▄▄ ▄▀▄██ █▄▄▄█ █
13:52:01: █▄▄▄▄▄▄▄█▄█▄█▄█ ▀ █▄▀ █▄▀▄█ █▄█ ▀▄█▄█ ▀ ▀ ▀▄▀ ▀ █ █▄▄▄▄▄▄▄█
13:52:01: █▄ █▀▄ ▄██ █ ▀▀ ▀▄▄▄▄ ▀▀▄▀▀ ▄▄  ▄ ▄█▀    ▀▀▀▄ ▀█ ▀█▀▄█▄   █
13:52:01: █▀▀▄█  ▄▄█ ▀▀█▄  █▄█▀▀▀█▄▄▀▄▀ ▄ ██ ▀▀ █▄█▀▀██▄▄   ▄█▄▄▄▄ ██
13:52:01: █▀█▄   ▄▀▀▀  ▄▀▀▀█▀ █ ▄▄▀▀ ▀ █▀█▀▄▀█▄▄█ ▄▀▀▀█▄▀▄▀ ▄▀▄█▀▄▀▄█
13:52:01: █▄ ▀▀ ▄▄▀▀█▄▄▄ ▀▀▀▀▀ ▄█▄ █ █▀ ▄▀ █  █▀ ███  ▄ ▀  ▄▄██ █▄▄▀█
13:52:01: █▀ ▀█▀▄▄█   █▀▀▄▄▄  ▄▀ ▀▀ ▀ ▄  ▀▀▄▄██ ▀ ▀█ ▀▀▄ ▄  ▄▀ █▀█▀██
13:52:01: █ ▀ ▄█▀▄▄▀ ▄▄█▀█▀█▀▀▄██▀█▄ ▄▀█▄ ▀ █▀▀▄▄▄▀▀▀▄▀█▄█ ▄▀█   ▄█▀█
13:52:01: █ ▄▄█▀ ▄▀ ▀ ▄ ▄ ▀▀▄▄▀ ▄█▀▄▄▄▀█▄ █  █   ▀ ▀  █ ▀█▄▀█▀▄▀▀█▄██
13:52:01: █ ▄ ▄▄ ▄ ▀▀▀█▄▄▄▄█▄▄▄█  ▄ ▀ ███ ██▄▄▀█▄ ▀▄▄█  ▄▄▄█ ▄▄█▄█▀▀█
13:52:01: █▄█▀▄  ▄▀▀▄█ ▀▄█ █▄  ▀▄█▀▀ ▄▀▀  ▀███▄▄█▀ ▀█ ▀▄▀▄  █▀▄▀▄ ▀██
13:52:01: ██▄▀▄ ▄▄▄ ▀██ ███▀▀  ▀▄  ▀▀ ▄▄▄   ███▀██ █▄ ▄█▀▀  ▄▄▄  █ ██
13:52:01: █ █ █ █▄█  ▀▀▄██▀█▄▀█▀▀█  ▄ █▄█ ▀▄ ▄  █ ▄▀█▀▀▄▀▄▄ █▄█ ▄▀ ▄█
13:52:01: █ █▀ ▄ ▄  ▄▀▄▀▀ ▀▀▄█▄▀█ ▀▄▄  ▄▄ █▄▄▄▀▀▄█  ▀▄▄ ███▄▄  ▄ ▄ ██
13:52:01: ██▄▀▀▀ ▄▄▀ ▀▀▄ ██▄▄▄▄ ▀▀▄▀▀ ▄▄▀ ▀▄▄█▄▄▀▀ ▀█▀█▄▀▄▀  ▀ █▄█▀▄█
13:52:01: █▄█ █ █▄▀▄ ▀█ ▄▄  █▄ ▄ ▀▀▄▄▄▄ ▄█▀▄▄█▀▀ ▄█▄▀ ████▄ ▄▀ ▀█▄ ██
13:52:01: █  ▄▀ ▀▄▄▀█▄▀██ ▄█▄▄▄▄▄▀▄ ▀▄▄█ ▀▀▄▀▄▄ ▄▀▄█▀ █ ▄█▀▄▄▄▀▄▀▀ ██
13:52:01: █▀▀▀█  ▄▄███ █▀▄▀  ▀▀ ▀ ▀██▄▀ ▀▀ ▄  █▀▀▀▀▄▄ ▄▄█▀█▄ ██ ██▄▄█
13:52:01: █ ██   ▄▀▀▀██▀▀▀▀█ ▄▀▀▄▀ ▀ ▄▀▄█ ▄ ▄█  ▄  ▀ ▀▀ ▀██▀▀  ██▀▄▄█
13:52:01: █▀▀ ▄█▀▄▄ ▀▀▀▀▀ ▀▄▄███▀█▄ █▀▄▄██▀▀ ▄ ▀▄ ▀▀▀██  ▀ ▀▄▀▀▀▄▄ ██
13:52:01: █▄█▄██▀▄█  ▀▀▀▀█ █▀ ▀▀▄▄▀▀▀██▄▀▀▀▄▀█▄▄█ ▄▀ ▀▀ ▀███▀█ ▄█▀▀▀█
13:52:01: █ ▀ ▀▀▄▄█▄▄▄▀ ███▀█  █ ▀█▄ ▀▀ ▀█▀██▄▄ ▄▄█▄ █▄█▄▀ ▀ ▀▀▀██ ▀█
13:52:01: ███████▄▄▀▄▄▀▄▀▄▄▄ ▄█ ▄█ ▀▀ ▄▄▄ █▄▀█  █ ▀▀█ ▀ ▄██ ▄▄▄ ▀▀███
13:52:01: █ ▄▄▄▄▄ █▀▀▄▀▄█▄▀▀ ▀▀▄▀  ▀▄ █▄█ ▄▀▄▀▄▀▀▀█▀  █ █▀█ █▄█ █▄ ██
13:52:01: █ █   █ █▄█▄███▀▀▀ ▄▀  █▀▄█    ▄█▄ ▄▀ █ ▄█ ▀█ █▄█      █  █
13:52:01: █ █▄▄▄█ █▀▀  █▀▄▄█▄▀▄██▄▄   █ ▄ ██▄█▄█ █▀▄▄█▀▄██▀▀▄▄ ▄▄▄███
13:52:01: █▄▄▄▄▄▄▄█▄▄███▄█▄▄█▄█████▄█▄█▄█▄███▄▄▄▄▄██▄██▄▄▄██████▄██▄█
13:52:01: 
13:52:21: 📱 Scan this QR code with WhatsApp:
13:52:21: ▄▄▄▄▄▄▄▄▄▄▄▄▄▄▄▄▄▄▄▄▄▄▄▄▄▄▄▄▄▄▄▄▄▄▄▄▄▄▄▄▄▄▄▄▄▄▄▄▄▄▄▄▄▄▄▄▄▄▄
13:52:21: █ ▄▄▄▄▄ █▄▀▄█▀███▀ █▄█▀    █▀   ▀▀▀▀▄▄▄██▀▄▄▄  ▄ ██ ▄▄▄▄▄ █
13:52:21: █ █   █ █ ▀▄ ▀▀███▀ ███▄▀▀ ██▄▀ ▀▄█▄▀▀▀███▀ █▄▀▄ ██ █   █ █
13:52:21: █ █▄▄▄█ █▄▄██ █▄▀▀ ▄ ▀▀  █▀ ▄▄▄  ▄ ▀▀█▄▄█ █▀▀█▄▀▄██ █▄▄▄█ █
13:52:21: █▄▄▄▄▄▄▄█▄▀▄█ █▄█▄█▄▀▄▀ ▀▄█ █▄█ ▀ ▀ █ ▀▄█▄▀▄▀▄█▄█ █▄▄▄▄▄▄▄█
13:52:21: █▄▄ ▄██▄▀ █▀▄▄████▄█ ██ ▄ ▀▄ ▄   █ ▄▀▀▄█▄ ▀  ██▄▀▀ ██ ▄ █▄█
13:52:21: █▀██  █▄▄▄ █▀▄ ▀█▄ ██ ▄▄ ▄█▄▄█  ▀▄▀▄█ ██  ██▀█▀▀ ▄ ▄▄  ▄▄▄█
13:52:21: ██  █ ▄▄█▄ ▀▄ ▄  ██▄ ▀█▄███▀▀██▀▄██▄  ▀▀█▀▄▄ █▀▄ █▀ █▀█ ▄██
13:52:21: █▄  █▄▀▄ ▀▄ ▀ ▀▀ █▀ ▀▄█ █▀▀█▀█▀▀▀█▄█ █▄█▄▀▄██ ▀ ▄█████  █▀█
13:52:21: █▀ █ ██▄▄▄ ▄▄▄  ▀▀▀█▄█▄▀▀▄ ▄▄▄▀▄  ▄  █▄▄▄█▄█▄▄▄▀▀███ ▀▀  ▀█
13:52:21: █  ▀▄ ▄▄▄█▄▀█▄▀▀█▀  ▄▄▀▄▄▀  █ ▄▀█▄▀▄█ ▄ ▀ ▀██ ▀ ▀██▀▄█▀█ ██
13:52:21: █ ▄▀▀▀▄▄███▀ █ ██ ▄███ ▄▀█ ▀█▄▄▀▀▀▄▄▀█▄▄▄  ▀▀▀█▄▄  ▄  ▀▄▀▀█
13:52:21: █  ▀▀▄█▄▄ ▄▄▄▀ ▀▀▄ ▄ ▄█▀  █▀ ▄▀  █▀█▄▄ ▀▄▄ █▄ ▀█ █ ██▄ ██ █
13:52:21: █   █▄▄▄  ▀█ ▄ ▄▀█ ▄█ ████▀█ ▀▄▄▄▄▄█    ▀▀▀▄▄█ ▄▄█▀▀▀▀ ▄▄▄█
13:52:21: █▀█▀█ ▄▄▄ ▀ ▄▄█▀▄█▄▄▀▀█▄██▄ ▄▄▄ ▀  ▀ █ █▀▀█ ██▄▀▄ ▄▄▄ ▀▀▀██
13:52:21: ██▄▄▄ █▄█ ██ ▀█▄▀▀█▄▄█▀▀▀██ █▄█    ▀▀█▄█▄███  ▀▀█ █▄█ ▀▄▀ █
13:52:21: █▄ ▀▀▄▄▄▄▄ ▄█ ▀▄█▄▄▄▄█▄▀ ██▄▄ ▄ █  ▀  ▄ ▄▀▄▀▄▄█ ▄ ▄▄▄ █▄ ▀█
13:52:21: █▀▄▀█  ▄▄ ▄ ▀█▄ ▄█▄▀ ▄▄▄▀▀███▄▀▀█▀ ▄ ███▄▄  ▀▀█▄▀▄▄▄█▄█▄▀▀█
13:52:21: █ ▄ █▀▀▄▀▀█ ▀  █▄█▀▄▄ █ ▄▄ █   █▀▀▀▄▄▀▄█▄█▄▀▄▀▀█    █▀▀▄▄▄█
13:52:21: ██▀█  █▄▀ ▄▄██ ▀██  ▀██▀ ▄▄███▄ ▄▀ ▄▄▄▀  ██▄█▀███ ▀█ ▄███▄█
13:52:21: ██ ▀▄▄█▄██▄▄▀▀   ▄██   ▄▄▀▄▄ ▄ █▀█▀▄▀▄ ▀▀▀▀▄▄▄▄█  ▀█▄▄ ▀█▄█
13:52:21: ██▄▀ ▄ ▄ ██ █▀▄▄▀▀▀▀ █▄█▀▄▀ ▀ ▄██▄▄▀▀██▄ █▀▄ ▄▀▀▄▄▀  ▀ ▄█ █
13:52:21: █ ▀▄ ██▄▄▄▄▀ ▀▄ █▀█▄█▀█ █▀██ ▀▄▄▀█▄█▀   █▄ ▄█▄ ▄▀▀▄██▄██ ▀█
13:52:21: ██▀ ▀ █▄ ▄▀▀▀   ▄▄▀▀█▄ █▀ ▄ ▀█▀ █▀▄█▄█ ▄   ▀██ ▄▀ ▄▄██▄▀█▄█
13:52:21: █ ▀ ▀▀▄▄▄▄▀██ ▀▄  █▀▄▄▀ ▀▄▄▀▄▀███▄▀█▄▄▀▄▄▀▀     ▀   █▄ ▄▄ █
13:52:21: ███████▄█ █▄█ ▄█▀█ ▄▀ ▀▀██▄ ▄▄▄  █ █▄ ▀ █▀▄█ ▀▀▄█ ▄▄▄ █▄  █
13:52:21: █ ▄▄▄▄▄ ██  ▄ ▄▄█ ██▀█ ▄█▀█ █▄█ ▀▀██▀▄ ▀▀▀█▄▄ █▄█ █▄█   ▀██
13:52:21: █ █   █ █▀█ █▄▄█▀█▀▀ ▄ ▀ ▀▄▄▄   █   ▀▀▄▄▄▀▀▄  █ ▄▄ ▄  ▀ ▀██
13:52:21: █ █▄▄▄█ █ █▀▀▀▀▀  █ ▄▀▀▀█▀ ▄▀▀█▀█   ▄█ ▀█▀█▄ ▀▀   ▄ ▀▀███▀█
13:52:21: █▄▄▄▄▄▄▄█▄▄██▄██▄████▄█▄████▄▄███▄██▄█▄██▄▄▄██▄██▄█▄█▄▄▄███
13:52:21: 
13:52:41: 📱 Scan this QR code with WhatsApp:
13:52:41: ▄▄▄▄▄▄▄▄▄▄▄▄▄▄▄▄▄▄▄▄▄▄▄▄▄▄▄▄▄▄▄▄▄▄▄▄▄▄▄▄▄▄▄▄▄▄▄▄▄▄▄▄▄▄▄▄▄▄▄
13:52:41: █ ▄▄▄▄▄ █▄▀▄█▀█▄ ▀▀█▄▀   ▄ █▀   ▀▀▀▀▄▀▄▀▄▀▄▄▀▄ ▄ ██ ▄▄▄▄▄ █
13:52:41: █ █   █ █ ▀▄▄█▀███▀ ███▄▀▀ ██▄▀ █▄█▄▄ ▀███▀ ▀█▀▄ ██ █   █ █
13:52:41: █ █▄▄▄█ █▄ ▀▀ █▄▀▀ ▄ ▀▀  █▀ ▄▄▄ ██ ▀ ▄▄▄▄▄█▀█▀▄▀▄██ █▄▄▄█ █
13:52:41: █▄▄▄▄▄▄▄█▄▀ █ █▄█▄█▄▀▄▀ ▀▄█ █▄█ ▀ ▀ █ ▀▄█▄▀▄▀▄█▄█ █▄▄▄▄▄▄▄█
13:52:41: █▄▄ ▄▀▀▄█ ▄▀ █████▄█ ██ ▄ ▀▄ ▄   █ ▄▀▀▄█▄ ▀  ██▄▀ ▄██▄▄ █▄█
13:52:41: █▀██ ▀█▄██▄▀█  ▀█▄ ██ ▄▄ ▄█▄▄█  ▀▄▀ █ ▀█  ▀█▀█▀▀ ▄ █   ▄▄▄█
13:52:41: ██ ▀▀ ▄▄ █ ▄▄ ▄  ██▄ ▀█▄███ █▀█▀▄█ █  ▀ █▀▄▄ ██▄█▄▀ █▀▀▄▄██
13:52:41: █▄▀ ▀▄▀▄▀ ▄ ▀ ▀▀ █▀█▀▄▀██▀▀█ █▀▀▀█▀█▄█▄█▄▀▄▄█  ▀▄████▄  █▀█
13:52:41: █  █▄██▄▄▄ ▄▄▄  █ ▄▀▄█ ██▄ ▄▄▄▀█  ▄ ██▄█ ▀▀█▄   ▀███ ▀   ▀█
13:52:41: █ ▀▄▀ ▄▄▄█▄▀█▄▀▀▄▄  ██▀▄▄▄  █ █▀█ ▀▄▄█▄▀▄  ▄▄█  ▀██▀▄█▀█▄██
13:52:41: █▄▄▀▀▄▀▄███▀▄█ ██ ▄███ ▄▀█ ▀█▄▄▀▀█▄▄▄█▄▄█▄ ▀▀██▄▄ ▄█  ▀▄▀▀█
13:52:41: █  ▀▀▀▄▄ ▄▄ ▀█▀▀▀▄ ▄ ▄█▀  █▀ ▄▀  █▀█▄█ ▀██ █▄ ▀█ █▄██▄ ██ █
13:52:41: █   ██▄▄▀█ ▀ ▄▀▀▀█ ▄█ ██████ ▀▄▄▄▄▄█    ▀▀▀▄▄█ ▄██  ▀█ ▄▄▄█
13:52:41: █▀█▀█ ▄▄▄ ▄▀█▀ █▄█▄▄▀▀█▄██▀ ▄▄▄ ▀  ▀ █ ▀▀▀▀ ██ █  ▄▄▄ ▀▀▀██
13:52:41: ██▄▀▀ █▄█ ▀█ ▀█▄▀▀█▄▄█▀▀▀██ █▄█   ▀▀▀██▄▄█▀█  ▄ ▄ █▄█ ▄█▀ █
13:52:41: █▀█▄▄ ▄▄ ▄ ▄█ ▀▄█▄█▀▄██▀ █▄▄▄ ▄ █    ▄█▀ ▀█▄  █ █  ▄▄ ██ ▀█
13:52:41: ███▄▄  ▄▄▄▄ ▀█▄ █▄▀██▄▄  ▀████▀▀█▀ ▄▄█▀▄█   ██ ▄▀▀▄▄█████▀█
13:52:41: ██ ▄ ▀▀▄█ █ ▀  █▄█▀▄▄ █ ▄▀ █ ▄ █▀▀▀▄  ▄█ ▄▄▀▀▄ ▄▀   ▄ ▀▄▄▄█
13:52:41: █▀▀█  █▄▀ ▄▄█▄ ▀██  ▀██▀ ▄▄███▄▀ █ ▄▀ ▀  ▀█▄ ████ ▀█ ▄██▄██
13:52:41: ██ ▀▄▄█▄██▄█▀██▀ ▄██   ▄▄▀▄▄ ▄▄█▀█▀▄▀█ ▀▀ ▀▄█▄▄█  ▀█▄▄ ▀█▄█
13:52:41: ██▄▀ █▄▄ █▀█▄▄█ ▀▀▀▀ █▄█▀▄▀ ▀ ▄██▄▄▀▀██▄ █▀▄ ▄▀▀▄▄▀  ▀  █ █
13:52:41: █ ▀▄  ▄▄▄▄▄████ █▀█▄█▀█ █▀██ ▀▄▄▀█ ▀▀  ▄█▄▄ █▄▄▄▀ ▀██▄█▄ ▀█
13:52:41: ██▀██▀▄▄▄▄▄ ▀  ▀▄▄▀▀█▄ █▀ █ ▀█▀ █▀█▄▄█ █  ▀▀██▄██▀ ▄▄█  █▄█
13:52:41: █ ▀ ▀▀▄▄█▄▀██ ▀▄  █▀▄▄▀█▀▄▄█▄▀███▄▀▄▄▄▀▀▄█ █▄▄▄▀▀▀█    █▄ █
13:52:41: ███████▄▄▀█▄█ ▄█▀▄ ▄▀▀▀▀▄▄▄ ▄▄▄  █ █  ▀  ▀▄█ ▀ █▀ ▄▄▄ █▄ ▄█
13:52:41: █ ▄▄▄▄▄ ██  ▄ ▄▄ ▄███▀ ▄▄▄█ █▄█ ████▀█▀▀ ▄▄▄▄████ █▄█    ▀█
13:52:41: █ █   █ █▀█  ▄▄█▀█▀▀ ▄ ▀ ▀▄▄▄   ▄▄  ▄▀▄▄ ▀▀▄▄ █ █▄ ▄  ▀  ██
13:52:41: █ █▄▄▄█ █ ▀█▀ ▀█  █ ▄▀▀▀█▀ ▄█▀█▀▄▀  ██ ▀█ █▄ ▀▀   ▄ ▀▀███▀█
13:52:41: █▄▄▄▄▄▄▄█▄▄▄█▄▄█▄████▄█▄█████████▄██▄█▄██▄▄▄██▄██▄█▄█▄▄▄███
13:52:41: 
13:53:52: 📱 Scan this QR code with WhatsApp:
13:53:52: ▄▄▄▄▄▄▄▄▄▄▄▄▄▄▄▄▄▄▄▄▄▄▄▄▄▄▄▄▄▄▄▄▄▄▄▄▄▄▄▄▄▄▄▄▄▄▄▄▄▄▄▄▄▄▄▄▄▄▄
13:53:52: █ ▄▄▄▄▄ █▀██▀█▄ ▀█▄  ▀▄    ▀█ ▄▄▀███ ▀▀▀▄▀▄▄█▀▄▄ ██ ▄▄▄▄▄ █
13:53:52: █ █   █ █▀█▄▀▄ █▄▄▀▀██▄█  ▀█▄█▀▀▄▄▄█   █▄█▀▀▀█ ▄ ██ █   █ █
13:53:52: █ █▄▄▄█ █▀ ▀█▀██▄█▀█▄ ▄▄▀ █ ▄▄▄ █ ██ █ █▄ ▄▄█▀▀▀▄██ █▄▄▄█ █
13:53:52: █▄▄▄▄▄▄▄█▄▀▄▀ ▀▄▀▄█▄▀ █ █ █ █▄█ ▀▄█ ▀▄▀▄▀▄█ ▀ ▀▄▀▄█▄▄▄▄▄▄▄█
13:53:52: █ ▄  ▄▀▄  ▀  █▄▀▄▄ ▄▀▄▄▀▄▀ ▄ ▄  ▀█▀█▀▄▀███▀ █▀▄█ ▀ █▄▀▄▀ ██
13:53:52: ██▄█▀██▄█   ▀ ▄ ▄▄▀ ▀▀▀ ▀▀▀▄█▀▀███▄▄█▄▄▀█▄▀███▀ █ ██▀▄▀▀ ██
13:53:52: █ ▄▄▀  ▄ █▀▀█▄▄▄▄█▀  █▀▄▀▀██▀█▀█▄▀█▄▄▄▄▄▀▀   ▀██▀▀▀▄███▄█ █
13:53:52: █ ██▀ ▀▄▀  ██▄▄▄▀▄▀▀ ▄█▄█  █ █▀  █ ▄▄ █▄▀▄▀▀   ▄▀▀ █▄  ▀▄▀█
13:53:52: █▄▄▄▀██▄▀▀▀█ ▀ ▀▀▄▄ ▀▄▀▀▀ ▄█▀ ▀ ▄▀▀█   ▄█▀▀▀▀▀▀▄▄▀▀▄▄▀▀█▄ █
13:53:52: █  ▄▀██▄█▄█▀█ ▀█ ▀▄▄▄▀█▄▄▀ ▄▀ ▀██ █▄▄ ██▀▀▄▀▀ █ ▄▀▀ ▀██▀ ██
13:53:52: █▄▄█ ██▄█ ▄▀▄▄▀█▄▀▄▄▄█▀█▀▄▀▀▄█▄ ▄███  █▄▀█  █▀▄█▄▀▀█▀▀█▀▀▀█
13:53:52: ██▀▀ █▀▄   ▀▀▄▄▄▄ ▀ ▄█ █▀█▀ █  █▄▄▄▀█▄▄▄▀█▀  █ ▀▀ ▀█ ▄▀ ▀▀█
13:53:52: █▄█▄▄▀▀▄█ ██  ▀██▄▄ █▄▀█▀▀▀▀▄▀  ▄  █  ▀▄█▀▀ ▄█▄▄▄▀ ▄█▀█▀ ▄█
13:53:52: ██ █▄ ▄▄▄ █▄ ▄ ▀▄ ▄█ ▀▄██▄▄ ▄▄▄   ▀▄ ▄█  ▀▄ ▄█▀▀▀ ▄▄▄ ▀  ▀█
13:53:52: ███ ▄ █▄█    ▀▄▀▄█▄▀ ▄▄█  ▀ █▄█ ▄▀█▄   ▄▀▀▀▀▄▀▄▄█ █▄█  ██ █
13:53:52: ██▀   ▄▄ ▄▀▀█▄▄▀▀▄▀▀▄▀▀ ▄▀▄    ▄█▄█▀▄▄▀▀▄▀▄▀▄ ▄█ ▄▄    ▀ ██
13:53:52: █▄ ▄▀▀▄▄▄▄▀ ▄▄▀▀██   ██▀▀▀▄███▀ ▄▀▀█   █▄█▀▀▀▀██▀▄█▄▄▄██▄██
13:53:52: █ ▀▄  █▄ █▀▄ ▀▄ ▄█ ▀▄▀ ▄█▄▄▄  ▀ █ ▄  █▀█▀█▄█ ▀▄▀ ▀▄▀▄▄ ▀▄██
13:53:52: █▄ ▄▀ ▀▄▀███▀▀█ ▀█▄▄▀▀▀▀▄ ▄▀▀█▄ ▄█▄▄▄▄▀▄▀▀▀ ▄▀▀██ ▀▀▄█▀▀█▀█
13:53:52: █ █▄█▄ ▄▀▀▄ █ ▀ ▀█ ▄▀ ▀█▄ █▄▀█▄ ▀▄ ███▀▀  █▀██▀ ▀▀▀▀ ▄  ▄▄█
13:53:52: █ ▀▀█▀█▄ ▀▄▀▀▄█▄▄██▄▄▄▀▀ ▀█▀▄▄█ ▀█▀█ ▄ ██▀█  ▀▄██▀▄███ ▀███
13:53:52: █ ██▄▀█▄ ▄▄▀▀█▀▀▄▄▀ ██▀ ▀██▀▄▀  ▀▀ ▀▄▄▀▄ █ ▀█▀  █▄ █▀▄▀ ▄▀█
13:53:52: █▀▄██▄ ▄▀██▄ █▀ ██▀ ▄▄▀▄▀▀█▄ ▄▀▀▄▀▄▄▄▄▀█▀▀ ▀▄█▄▄▀▄ █▄█▄▀█▄█
13:53:52: █ ▀ ▀▀▄▄ █▀▄ █▄ █▄█▀ █▄▀ ▀▀▄▀█▄ ▀██▀██  ██▄  ▀ █▀▄▄▀▀█▀▀ ▀█
13:53:52: ███████▄▄   ▄█▀█▄▄▄▄▄▄▄▀▀ ▄ ▄▄▄  ▀▄█▄▄ ███ ▀▀█▀▄█ ▄▄▄ ▀  ▄█
13:53:52: █ ▄▄▄▄▄ █▄▄▀█▀██▀██▄ ▄▀█▀▀▄ █▄█ ▄█▄▄█▀  █▀██▄▀█▄▄ █▄█  ▀▄██
13:53:52: █ █   █ █ █▄ ▀▄ ▄▀ ▄▄███▀▄ ▄   ▄▄▀█▄▄  ███ ▀▄▀ ▄  ▄▄▄  ▀███
13:53:52: █ █▄▄▄█ █ ▀ ██ ▄▄ ▀█▄██▀▀█  ▀█▀██▄▄ ▄ ▄▀▄ ▀ █▄█ ▄ ▄▄██▀ ███
13:53:52: █▄▄▄▄▄▄▄█▄▄▄▄▄████▄▄▄▄▄██▄▄████▄▄▄▄▄▄▄▄▄▄███▄█▄██▄▄▄▄███▄██
13:53:52: 
